// Jest Snapshot v1, https://goo.gl/fbAQLP

exports[`DatasetHttpLinks renders correctly 1`] = `
Array [
  <h5>
    Links:
  </h5>,
  <div
    className="ui divided relaxed list"
    role="list"
  >
    <div
      className="item"
      onClick={[Function]}
      role="listitem"
    >
      <div
        className="content"
      >
        <div
          className="dataset-item"
        >
          <i
            aria-hidden="true"
            className="icon linkify"
            onClick={[Function]}
          />
          <a
            className="item-link"
            href="https://example.org/1"
            target="_blank"
          >
            <span>
              First
            </span>
          </a>
        </div>
      </div>
      <span
        className="item-description"
      >
        Something here
      </span>
    </div>
    <div
      className="item"
      onClick={[Function]}
      role="listitem"
    >
      <div
        className="content"
      >
        <div
          className="dataset-item"
        >
          <i
            aria-hidden="true"
            className="icon info circle"
            onClick={[Function]}
          />
          <a
            className="item-link"
            href="https://example.org/1"
            target="_blank"
          >
            <span>
              First
            </span>
          </a>
        </div>
      </div>
      <span
        className="item-description"
      >
        Something here
      </span>
    </div>
  </div>,
]
`;
