// Jest Snapshot v1, https://goo.gl/fbAQLP

exports[`DatasetEsri renders correctly 1`] = `
Array [
  <h5>
    Services:
  </h5>,
  <div
    className="ui divided relaxed list"
    role="list"
  >
    <div
      className="item"
      onClick={[Function]}
      role="listitem"
    >
      <div
        className="content"
      >
        <div
          className="dataset-item"
        >
          <svg
            className="icon"
            dangerouslySetInnerHTML={
              Object {
                "__html": undefined,
              }
            }
            style={
              Object {
                "fill": "currentColor",
                "height": "20px",
                "width": "auto",
              }
            }
          />
          <a
            className="item-link"
            href="https://example.org/1"
            target="_blank"
          >
            https
             
            First
          </a>
        </div>
      </div>
    </div>
  </div>,
]
`;
