// Jest Snapshot v1, https://goo.gl/fbAQLP

exports[`DatasetItemDownloadList renders correctly 1`] = `
<div>
  <h5>
    Download:
  </h5>
  <div
    className="ui divided relaxed list"
    role="list"
  >
    <div
      className="item"
      onClick={[Function]}
      role="listitem"
    >
      <div
        className="content"
      >
        <div
          className="dataset-item"
        >
          <i
            aria-hidden="true"
            className="icon download"
            onClick={[Function]}
          />
          <a
            className="item-link"
            href="https://example.org/1"
            rel="noreferrer"
            target="_blank"
          >
            <span>
              Direct download
            </span>
          </a>
        </div>
      </div>
    </div>
  </div>
</div>
`;
